pub mod types {
    use serde::{Deserialize, Serialize};
    #[allow(unused_imports)]
    use std::convert::TryFrom;
}
